
> vnseea@0.0.1 start E:\vnseea-app-native
> react-native start "--" "--port" "8081"


Welcome to React Native v0.85
Starting dev server on http://localhost:8081

[34m
                        ▒▒▓▓▓▓▒▒
                     ▒▓▓▓▒▒░░▒▒▓▓▓▒
                  ▒▓▓▓▓░░░▒▒▒▒░░░▓▓▓▓▒
                 ▓▓▒▒▒▓▓▓▓▓▓▓▓▓▓▓▓▒▒▒▓▓
                 ▓▓░░░░░▒▓▓▓▓▓▓▒░░░░░▓▓
                 ▓▓░░▓▓▒░░░▒▒░░░▒▓▒░░▓▓
                 ▓▓░░▓▓▓▓▓▒▒▒▒▓▓▓▓▒░░▓▓
                 ▓▓░░▓▓▓▓▓▓▓▓▓▓▓▓▓▒░░▓▓
                 ▓▓▒░░▒▒▓▓▓▓▓▓▓▓▒░░░▒▓▓
                  ▒▓▓▓▒░░░▒▓▓▒░░░▒▓▓▓▒
                     ▒▓▓▓▒░░░░▒▓▓▓▒
                        ▒▒▓▓▓▓▒▒

[39m
[34m[1m                Welcome to Metro [37mv0.84.4[39m
[22m[39m[2m              Fast - Scalable - Integrated

[22m
[36m[7m[1m INFO [22m[27m[39m Dev server ready. Press Ctrl+C to exit.
[36m[7m[1m INFO [22m[27m[39m Interactive mode is not supported in this environment
[33m[7m[1m BUNDLE [22m[27m[39m[0m[2m ./[22m[0m[1mindex.js[22m [32m[42m[49m[39m[47m[37m░░░░░░░░░░░░░░░░[39m[49m[1m 0% [22m[2m(0/1)[22m
[33m[7m[1m BUNDLE [22m[27m[39m[0m[2m ./[22m[0m[1mindex.js[22m [32m[42m[49m[39m[47m[37m░░░░░░░░░░░░░░░░[39m[49m[1m 1% [22m[2m(1/1)[22m
[33m[7m[1m BUNDLE [22m[27m[39m[0m[2m ./[22m[0m[1mindex.js[22m [32m[42m▓▓▓▓▓[49m[39m[47m[37m░░░░░░░░░░░[39m[49m[1m 37% [22m[2m(17/54)[22m
[33m[7m[1m BUNDLE [22m[27m[39m[0m[2m ./[22m[0m[1mindex.js[22m [32m[42m▓▓▓▓▓[49m[39m[47m[37m░░░░░░░░░░░[39m[49m[1m 37% [22m[2m(50/208)[22m
[33m[7m[1m BUNDLE [22m[27m[39m[0m[2m ./[22m[0m[1mindex.js[22m [32m[42m▓▓▓▓▓[49m[39m[47m[37m░░░░░░░░░░░[39m[49m[1m 37% [22m[2m(97/280)[22m
[33m[7m[1m BUNDLE [22m[27m[39m[0m[2m ./[22m[0m[1mindex.js[22m [32m[42m▓▓▓▓▓[49m[39m[47m[37m░░░░░░░░░░░[39m[49m[1m 37% [22m[2m(160/438)[22m
[33m[7m[1m BUNDLE [22m[27m[39m[0m[2m ./[22m[0m[1mindex.js[22m [32m[42m▓▓▓▓▓[49m[39m[47m[37m░░░░░░░░░░░[39m[49m[1m 37% [22m[2m(260/531)[22m
[33m[7m[1m BUNDLE [22m[27m[39m[0m[2m ./[22m[0m[1mindex.js[22m [32m[42m▓▓▓▓▓[49m[39m[47m[37m░░░░░░░░░░░[39m[49m[1m 37% [22m[2m(350/690)[22m
[33m[7m[1m BUNDLE [22m[27m[39m[0m[2m ./[22m[0m[1mindex.js[22m [32m[42m▓▓▓▓▓[49m[39m[47m[37m░░░░░░░░░░░[39m[49m[1m 37% [22m[2m(395/758)[22m
[33m[7m[1m BUNDLE [22m[27m[39m[0m[2m ./[22m[0m[1mindex.js[22m [32m[42m▓▓▓▓▓[49m[39m[47m[37m░░░░░░░░░░░[39m[49m[1m 37% [22m[2m(508/831)[22m
[33m[7m[1m BUNDLE [22m[27m[39m[0m[2m ./[22m[0m[1mindex.js[22m [32m[42m▓▓▓▓▓▓▓[49m[39m[47m[37m░░░░░░░░░[39m[49m[1m 47% [22m[2m(603/882)[22m
[33m[7m[1m BUNDLE [22m[27m[39m[0m[2m ./[22m[0m[1mindex.js[22m [32m[42m▓▓▓▓▓▓▓[49m[39m[47m[37m░░░░░░░░░[39m[49m[1m 47% [22m[2m(698/1220)[22m
[33m[7m[1m BUNDLE [22m[27m[39m[0m[2m ./[22m[0m[1mindex.js[22m [32m[42m▓▓▓▓▓▓▓[49m[39m[47m[37m░░░░░░░░░[39m[49m[1m 47% [22m[2m(759/1259)[22m
[33m[7m[1m BUNDLE [22m[27m[39m[0m[2m ./[22m[0m[1mindex.js[22m [32m[42m▓▓▓▓▓▓▓[49m[39m[47m[37m░░░░░░░░░[39m[49m[1m 47% [22m[2m(834/1327)[22m
[33m[7m[1m BUNDLE [22m[27m[39m[0m[2m ./[22m[0m[1mindex.js[22m [32m[42m▓▓▓▓▓▓▓[49m[39m[47m[37m░░░░░░░░░[39m[49m[1m 47% [22m[2m(881/1384)[22m
[33m[7m[1m BUNDLE [22m[27m[39m[0m[2m ./[22m[0m[1mindex.js[22m [32m[42m▓▓▓▓▓▓▓[49m[39m[47m[37m░░░░░░░░░[39m[49m[1m 47% [22m[2m(904/1409)[22m
[33m[7m[1m BUNDLE [22m[27m[39m[0m[2m ./[22m[0m[1mindex.js[22m [32m[42m▓▓▓▓▓▓▓[49m[39m[47m[37m░░░░░░░░░[39m[49m[1m 47% [22m[2m(946/1500)[22m
[33m[7m[1m BUNDLE [22m[27m[39m[0m[2m ./[22m[0m[1mindex.js[22m [32m[42m▓▓▓▓▓▓▓[49m[39m[47m[37m░░░░░░░░░[39m[49m[1m 47% [22m[2m(986/1567)[22m
[33m[7m[1m BUNDLE [22m[27m[39m[0m[2m ./[22m[0m[1mindex.js[22m [32m[42m▓▓▓▓▓▓▓[49m[39m[47m[37m░░░░░░░░░[39m[49m[1m 47% [22m[2m(1038/1581)[22m
[33m[7m[1m BUNDLE [22m[27m[39m[0m[2m ./[22m[0m[1mindex.js[22m [32m[42m▓▓▓▓▓▓▓[49m[39m[47m[37m░░░░░░░░░[39m[49m[1m 47% [22m[2m(1066/1593)[22m
[33m[7m[1m BUNDLE [22m[27m[39m[0m[2m ./[22m[0m[1mindex.js[22m [32m[42m▓▓▓▓▓▓▓[49m[39m[47m[37m░░░░░░░░░[39m[49m[1m 49% [22m[2m(1133/1613)[22m
[33m[7m[1m BUNDLE [22m[27m[39m[0m[2m ./[22m[0m[1mindex.js[22m [32m[42m▓▓▓▓▓▓▓▓[49m[39m[47m[37m░░░░░░░░[39m[49m[1m 53% [22m[2m(1193/1632)[22m
[33m[7m[1m BUNDLE [22m[27m[39m[0m[2m ./[22m[0m[1mindex.js[22m [32m[42m▓▓▓▓▓▓▓▓[49m[39m[47m[37m░░░░░░░░[39m[49m[1m 53% [22m[2m(1219/1679)[22m
[33m[7m[1m BUNDLE [22m[27m[39m[0m[2m ./[22m[0m[1mindex.js[22m [32m[42m▓▓▓▓▓▓▓▓[49m[39m[47m[37m░░░░░░░░[39m[49m[1m 53% [22m[2m(1237/1724)[22m
[33m[7m[1m BUNDLE [22m[27m[39m[0m[2m ./[22m[0m[1mindex.js[22m [32m[42m▓▓▓▓▓▓▓▓[49m[39m[47m[37m░░░░░░░░[39m[49m[1m 53% [22m[2m(1299/1825)[22m
[33m[7m[1m BUNDLE [22m[27m[39m[0m[2m ./[22m[0m[1mindex.js[22m [32m[42m▓▓▓▓▓▓▓▓▓[49m[39m[47m[37m░░░░░░░[39m[49m[1m 56% [22m[2m(1445/1925)[22m
[33m[7m[1m BUNDLE [22m[27m[39m[0m[2m ./[22m[0m[1mindex.js[22m [32m[42m▓▓▓▓▓▓▓▓▓[49m[39m[47m[37m░░░░░░░[39m[49m[1m 61% [22m[2m(1544/1965)[22m
[33m[7m[1m BUNDLE [22m[27m[39m[0m[2m ./[22m[0m[1mindex.js[22m [32m[42m▓▓▓▓▓▓▓▓▓▓[49m[39m[47m[37m░░░░░░[39m[49m[1m 67% [22m[2m(1680/2061)[22m
[33m[7m[1m BUNDLE [22m[27m[39m[0m[2m ./[22m[0m[1mindex.js[22m [32m[42m▓▓▓▓▓▓▓▓▓▓▓[49m[39m[47m[37m░░░░░[39m[49m[1m 69% [22m[2m(1783/2193)[22m
[33m[7m[1m BUNDLE [22m[27m[39m[0m[2m ./[22m[0m[1mindex.js[22m [32m[42m▓▓▓▓▓▓▓▓▓▓▓[49m[39m[47m[37m░░░░░[39m[49m[1m 69% [22m[2m(1846/2263)[22m
[33m[7m[1m BUNDLE [22m[27m[39m[0m[2m ./[22m[0m[1mindex.js[22m [32m[42m▓▓▓▓▓▓▓▓▓▓▓[49m[39m[47m[37m░░░░░[39m[49m[1m 74% [22m[2m(1999/2319)[22m
[33m[7m[1m BUNDLE [22m[27m[39m[0m[2m ./[22m[0m[1mindex.js[22m [32m[42m▓▓▓▓▓▓▓▓▓▓▓▓▓[49m[39m[47m[37m░░░[39m[49m[1m 86% [22m[2m(2210/2371)[22m
[33m[7m[1m BUNDLE [22m[27m[39m[0m[2m ./[22m[0m[1mindex.js[22m [32m[42m▓▓▓▓▓▓▓▓▓▓▓▓▓▓[49m[39m[47m[37m░░[39m[49m[1m 89% [22m[2m(2294/4146)[22m
[33m[7m[1m BUNDLE [22m[27m[39m[0m[2m ./[22m[0m[1mindex.js[22m [32m[42m▓▓▓▓▓▓▓▓▓▓▓▓▓▓[49m[39m[47m[37m░░[39m[49m[1m 89% [22m[2m(2476/4266)[22m
[33m[7m[1m BUNDLE [22m[27m[39m[0m[2m ./[22m[0m[1mindex.js[22m [32m[42m▓▓▓▓▓▓▓▓▓▓▓▓▓▓[49m[39m[47m[37m░░[39m[49m[1m 89% [22m[2m(2912/4266)[22m
[33m[7m[1m BUNDLE [22m[27m[39m[0m[2m ./[22m[0m[1mindex.js[22m [32m[42m▓▓▓▓▓▓▓▓▓▓▓▓▓▓[49m[39m[47m[37m░░[39m[49m[1m 89% [22m[2m(3228/4266)[22m
[33m[7m[1m BUNDLE [22m[27m[39m[0m[2m ./[22m[0m[1mindex.js[22m [32m[42m▓▓▓▓▓▓▓▓▓▓▓▓▓▓[49m[39m[47m[37m░░[39m[49m[1m 89% [22m[2m(3595/4266)[22m
[33m[7m[1m BUNDLE [22m[27m[39m[0m[2m ./[22m[0m[1mindex.js[22m [32m[42m▓▓▓▓▓▓▓▓▓▓▓▓▓▓[49m[39m[47m[37m░░[39m[49m[1m 89% [22m[2m(3980/4266)[22m
[33m[7m[1m BUNDLE [22m[27m[39m[0m[2m ./[22m[0m[1mindex.js[22m [32m[42m▓▓▓▓▓▓▓▓▓▓▓▓▓▓▓[49m[39m[47m[37m░[39m[49m[1m 96% [22m[2m(4220/4303)[22m
[33m[7m[1m BUNDLE [22m[27m[39m[0m[2m ./[22m[0m[1mindex.js[22m [32m[42m▓▓▓▓▓▓▓▓▓▓▓▓▓▓▓[49m[39m[47m[37m░[39m[49m[1m 96% [22m[2m(4309/4397)[22m
[32m[7m[1m BUNDLE [22m[27m[39m[0m[2m ./[22m[0m[1mindex.js[22m 
[33m[7m[1m BUNDLE [22m[27m[39m[0m[2m ./[22m[0m[1mindex.js[22m [32m[42m[49m[39m[47m[37m░░░░░░░░░░░░░░░░[39m[49m[1m 0% [22m[2m(0/1)[22m
[32m[7m[1m BUNDLE [22m[27m[39m[0m[2m ./[22m[0m[1mindex.js[22m 
[33m[7m[1m BUNDLE [22m[27m[39m[0m[2m ./[22m[0m[1mindex.js[22m [32m[42m[49m[39m[47m[37m░░░░░░░░░░░░░░░░[39m[49m[1m 0% [22m[2m(0/1)[22m
[32m[7m[1m BUNDLE [22m[27m[39m[0m[2m ./[22m[0m[1mindex.js[22m 
[33m[7m[1m BUNDLE [22m[27m[39m[0m[2m ./[22m[0m[1mindex.js[22m [32m[42m[49m[39m[47m[37m░░░░░░░░░░░░░░░░[39m[49m[1m 0% [22m[2m(0/1)[22m
[32m[7m[1m BUNDLE [22m[27m[39m[0m[2m ./[22m[0m[1mindex.js[22m 
[33m[7m[1m BUNDLE [22m[27m[39m[0m[2m ./[22m[0m[1mindex.js[22m [32m[42m[49m[39m[47m[37m░░░░░░░░░░░░░░░░[39m[49m[1m 0% [22m[2m(0/1)[22m
[32m[7m[1m BUNDLE [22m[27m[39m[0m[2m ./[22m[0m[1mindex.js[22m 
[31m[7m[1m ERROR [22m[27m[39m [timeout] connection terminated with Device for app='com.vnseea.android' on device='2106118C - 14 - API 34' after not responding for 60 seconds.
